
> retailr-frontend@0.1.0 test
> vitest run


 RUN  v2.1.9 /Users/denniskalula/Dropbox/My Source/source/repos/retailr/frontend

 ❯ src/utils/searchUtils.test.ts (22 tests | 1 failed) 13ms
   × searchUtils > matchesSearch > should match single token case-insensitively 7ms
     → expected false to be true // Object.is equality
 ✓ src/utils/queryParams.test.ts (16 tests) 5ms
 ✓ src/store/slices/rtSlice.test.ts (9 tests) 5ms
 ❯ src/utils/filterUtils.test.ts (18 tests | 1 failed) 13ms
   × filterUtils > applyFilters > should apply multiple filters with AND logic 7ms
     → expected [ { id: 1, name: 'iPhone', …(2) } ] to have a length of 2 but got 1
 ✓ src/utils/filterConfig.test.ts (26 tests) 4ms
stdout | src/utils/websocketClient.test.ts > WebSocketClient > subscribe > should subscribe to a topic
Subscribed to topic: /topic/stock-updates
Unsubscribed from topic: /topic/stock-updates

stdout | src/utils/websocketClient.test.ts > WebSocketClient > subscribe > should warn if subscribing to same topic twice
Subscribed to topic: /topic/stock-updates
Unsubscribed from topic: /topic/stock-updates

stdout | src/utils/websocketClient.test.ts > WebSocketClient > subscribe > should handle message parsing
Subscribed to topic: /topic/stock-updates
Unsubscribed from topic: /topic/stock-updates

stdout | src/utils/websocketClient.test.ts > WebSocketClient > unsubscribe > should unsubscribe from a topic
Subscribed to topic: /topic/stock-updates
Unsubscribed from topic: /topic/stock-updates

stdout | src/utils/websocketClient.test.ts > WebSocketClient > disconnect > should disconnect and unsubscribe from all topics
Subscribed to topic: /topic/stock-updates
Subscribed to topic: /topic/order-updates
Unsubscribed from topic: /topic/stock-updates
Unsubscribed from topic: /topic/order-updates

 ✓ src/utils/websocketClient.test.ts (22 tests) 34ms
stdout | src/utils/websocketClient.test.ts > WebSocketClient > getSubscriptions > should return list of active subscriptions
Subscribed to topic: /topic/stock-updates
Subscribed to topic: /topic/order-updates
Subscribed to topic: /user/queue/notifications
Unsubscribed from topic: /topic/stock-updates
Unsubscribed from topic: /topic/order-updates
Unsubscribed from topic: /user/queue/notifications

stderr | src/store/slices/ordersSlice.test.ts > ordersSlice > updateOrderFromWebSocket > should ignore messages with invalid orderNumber
Invalid order update message structure, skipping: {
  orderNumber: '',
  status: 'CONFIRMED',
  total: 150,
  customer: 'John Doe',
  timestamp: 1780720306301
}

stderr | src/store/slices/ordersSlice.test.ts > ordersSlice > updateOrderFromWebSocket > should ignore messages with negative total
Invalid total amount in order message: -50

 ✓ src/store/slices/ordersSlice.test.ts (11 tests) 6ms
stderr | src/store/slices/ordersSlice.test.ts > ordersSlice > updateOrderFromWebSocket > should ignore messages with missing customer name
Invalid customer name in order message: 

stderr | src/store/slices/ordersSlice.test.ts > ordersSlice > updateOrderFromWebSocket > should ignore messages with invalid status
Invalid status in order message: 

stderr | src/hooks/useWebSocketConnection.test.ts > useWebSocketConnection > should update state to connected when status changes to CONNECTED
Warning: An update to TestComponent inside a test was not wrapped in act(...).

When testing, code that causes React state updates should be wrapped into act(...):

act(() => {
  /* fire events that update state */
});
/* assert on the output */

This ensures that you're testing the behavior the user would see in the browser. Learn more at https://reactjs.org/link/wrap-tests-with-act
    at TestComponent (/Users/denniskalula/Dropbox/My Source/source/repos/retailr/frontend/node_modules/@testing-library/react/dist/pure.js:328:5)
Warning: An update to TestComponent inside a test was not wrapped in act(...).

When testing, code that causes React state updates should be wrapped into act(...):

act(() => {
  /* fire events that update state */
});
/* assert on the output */

This ensures that you're testing the behavior the user would see in the browser. Learn more at https://reactjs.org/link/wrap-tests-with-act
    at TestComponent (/Users/denniskalula/Dropbox/My Source/source/repos/retailr/frontend/node_modules/@testing-library/react/dist/pure.js:328:5)
Warning: An update to TestComponent inside a test was not wrapped in act(...).

When testing, code that causes React state updates should be wrapped into act(...):

act(() => {
  /* fire events that update state */
});
/* assert on the output */

This ensures that you're testing the behavior the user would see in the browser. Learn more at https://reactjs.org/link/wrap-tests-with-act
    at TestComponent (/Users/denniskalula/Dropbox/My Source/source/repos/retailr/frontend/node_modules/@testing-library/react/dist/pure.js:328:5)

stderr | src/store/slices/stockSlice.test.ts > stockSlice > updateStockFromWebSocket > should ignore messages with invalid warehouse
Invalid warehouse ID: INVALID

stderr | src/store/slices/stockSlice.test.ts > stockSlice > updateStockFromWebSocket > should ignore messages with negative quantity
Invalid quantity in stock message: -50

stderr | src/store/slices/stockSlice.test.ts > stockSlice > updateStockFromWebSocket > should ignore messages with negative reserved quantity
Invalid reserved quantity in stock message: -10

stderr | src/store/slices/stockSlice.test.ts > stockSlice > updateStockFromWebSocket > should ignore messages with missing sku
Invalid stock update message: empty warehouse or sku, skipping: {
  sku: '',
  warehouse: '1',
  quantity: 150,
  reserved: 30,
  alert: false,
  timestamp: 1780720306306
}

 ✓ src/store/slices/stockSlice.test.ts (12 tests) 6ms
 ✓ src/hooks/useStockSubscription.test.ts (5 tests) 18ms
stderr | src/hooks/useWebSocketConnection.test.ts > useWebSocketConnection > should handle ERROR status
Warning: An update to TestComponent inside a test was not wrapped in act(...).

When testing, code that causes React state updates should be wrapped into act(...):

act(() => {
  /* fire events that update state */
});
/* assert on the output */

This ensures that you're testing the behavior the user would see in the browser. Learn more at https://reactjs.org/link/wrap-tests-with-act
    at TestComponent (/Users/denniskalula/Dropbox/My Source/source/repos/retailr/frontend/node_modules/@testing-library/react/dist/pure.js:328:5)
Warning: An update to TestComponent inside a test was not wrapped in act(...).

When testing, code that causes React state updates should be wrapped into act(...):

act(() => {
  /* fire events that update state */
});
/* assert on the output */

This ensures that you're testing the behavior the user would see in the browser. Learn more at https://reactjs.org/link/wrap-tests-with-act
    at TestComponent (/Users/denniskalula/Dropbox/My Source/source/repos/retailr/frontend/node_modules/@testing-library/react/dist/pure.js:328:5)

 ✓ src/hooks/useOrderSubscription.test.ts (5 tests) 12ms
stderr | src/hooks/useWebSocketConnection.test.ts > useWebSocketConnection > should update state when error occurs
Warning: An update to TestComponent inside a test was not wrapped in act(...).

When testing, code that causes React state updates should be wrapped into act(...):

act(() => {
  /* fire events that update state */
});
/* assert on the output */

This ensures that you're testing the behavior the user would see in the browser. Learn more at https://reactjs.org/link/wrap-tests-with-act
    at TestComponent (/Users/denniskalula/Dropbox/My Source/source/repos/retailr/frontend/node_modules/@testing-library/react/dist/pure.js:328:5)
Warning: An update to TestComponent inside a test was not wrapped in act(...).

When testing, code that causes React state updates should be wrapped into act(...):

act(() => {
  /* fire events that update state */
});
/* assert on the output */

This ensures that you're testing the behavior the user would see in the browser. Learn more at https://reactjs.org/link/wrap-tests-with-act
    at TestComponent (/Users/denniskalula/Dropbox/My Source/source/repos/retailr/frontend/node_modules/@testing-library/react/dist/pure.js:328:5)
Warning: An update to TestComponent inside a test was not wrapped in act(...).

When testing, code that causes React state updates should be wrapped into act(...):

act(() => {
  /* fire events that update state */
});
/* assert on the output */

This ensures that you're testing the behavior the user would see in the browser. Learn more at https://reactjs.org/link/wrap-tests-with-act
    at TestComponent (/Users/denniskalula/Dropbox/My Source/source/repos/retailr/frontend/node_modules/@testing-library/react/dist/pure.js:328:5)

 ✓ src/hooks/useWebSocketConnection.test.ts (7 tests) 187ms

⎯⎯⎯⎯⎯⎯⎯ Failed Tests 2 ⎯⎯⎯⎯⎯⎯⎯

 FAIL  src/utils/filterUtils.test.ts > filterUtils > applyFilters > should apply multiple filters with AND logic
AssertionError: expected [ { id: 1, name: 'iPhone', …(2) } ] to have a length of 2 but got 1

- Expected
+ Received

- 2
+ 1

 ❯ src/utils/filterUtils.test.ts:136:22
    134|       const result = applyFilters(items, filters);
    135| 
    136|       expect(result).toHaveLength(2); // iPhone (999) and Samsung (799)
       |                      ^
    137|       expect(result[0].id).toBe(1);
    138|       expect(result[1].id).toBe(2);

⎯⎯⎯⎯⎯⎯⎯⎯⎯⎯⎯⎯⎯⎯⎯⎯⎯⎯⎯⎯⎯⎯⎯⎯[1/2]⎯

 FAIL  src/utils/searchUtils.test.ts > searchUtils > matchesSearch > should match single token case-insensitively
AssertionError: expected false to be true // Object.is equality

- Expected
+ Received

- true
+ false

 ❯ src/utils/searchUtils.test.ts:63:22
     61|       const obj = { name: 'iPhone 12' };
     62|       const result = matchesSearch(obj, ['IPHONE'], ['name']);
     63|       expect(result).toBe(true);
       |                      ^
     64|     });
     65| 

⎯⎯⎯⎯⎯⎯⎯⎯⎯⎯⎯⎯⎯⎯⎯⎯⎯⎯⎯⎯⎯⎯⎯⎯[2/2]⎯

 Test Files  2 failed | 9 passed (11)
      Tests  2 failed | 151 passed (153)
   Start at  07:31:44
   Duration  1.68s (transform 653ms, setup 1.39s, collect 1.56s, tests 304ms, environment 9.78s, prepare 1.16s)

